15:29:46 **** Rebuild of configuration Debug for project STM32F745VE ****
Info: Internal Builder is used for build
arm-atollic-eabi-gcc -c -mthumb -mcpu=cortex-m7 -mfloat-abi=hard -mfpu=fpv5-sp-d16 -std=gnu11 -D__weak=__attribute__((weak)) -D__packed=__attribute__((__packed__)) -DUSE_HAL_DRIVER -DSTM32F745xx -I../../../Inc -I../../../Drivers/STM32F7xx_HAL_Driver/Inc -I../../../Drivers/STM32F7xx_HAL_Driver/Inc/Legacy -I../../../Middlewares/ST/STM32_USB_Device_Library/Core/Inc -I../../../Middlewares/ST/STM32_USB_Device_Library/Class/DFU/Inc -I../../../Middlewares/ST/STM32_USB_Host_Library/Core/Inc -I../../../Middlewares/ST/STM32_USB_Host_Library/Class/CDC/Inc -I../../../Drivers/CMSIS/Device/ST/STM32F7xx/Include -I../../../Middlewares/Third_Party/FatFs/src -I../../../Drivers/CMSIS/Include -Os -ffunction-sections -fdata-sections -g -fstack-usage -Wall -specs=nano.specs -o Application\User\eth.o ..\..\..\Src\eth.c 
arm-atollic-eabi-gcc -c -mthumb -mcpu=cortex-m7 -mfloat-abi=hard -mfpu=fpv5-sp-d16 -std=gnu11 -D__weak=__attribute__((weak)) -D__packed=__attribute__((__packed__)) -DUSE_HAL_DRIVER -DSTM32F745xx -I../../../Inc -I../../../Drivers/STM32F7xx_HAL_Driver/Inc -I../../../Drivers/STM32F7xx_HAL_Driver/Inc/Legacy -I../../../Middlewares/ST/STM32_USB_Device_Library/Core/Inc -I../../../Middlewares/ST/STM32_USB_Device_Library/Class/DFU/Inc -I../../../Middlewares/ST/STM32_USB_Host_Library/Core/Inc -I../../../Middlewares/ST/STM32_USB_Host_Library/Class/CDC/Inc -I../../../Drivers/CMSIS/Device/ST/STM32F7xx/Include -I../../../Middlewares/Third_Party/FatFs/src -I../../../Drivers/CMSIS/Include -Os -ffunction-sections -fdata-sections -g -fstack-usage -Wall -specs=nano.specs -o Drivers\STM32F7xx_HAL_Driver\stm32f7xx_ll_usb.o ..\..\..\Drivers\STM32F7xx_HAL_Driver\Src\stm32f7xx_ll_usb.c 
arm-atollic-eabi-gcc -c -mthumb -mcpu=cortex-m7 -mfloat-abi=hard -mfpu=fpv5-sp-d16 -std=gnu11 -D__weak=__attribute__((weak)) -D__packed=__attribute__((__packed__)) -DUSE_HAL_DRIVER -DSTM32F745xx -I../../../Inc -I../../../Drivers/STM32F7xx_HAL_Driver/Inc -I../../../Drivers/STM32F7xx_HAL_Driver/Inc/Legacy -I../../../Middlewares/ST/STM32_USB_Device_Library/Core/Inc -I../../../Middlewares/ST/STM32_USB_Device_Library/Class/DFU/Inc -I../../../Middlewares/ST/STM32_USB_Host_Library/Core/Inc -I../../../Middlewares/ST/STM32_USB_Host_Library/Class/CDC/Inc -I../../../Drivers/CMSIS/Device/ST/STM32F7xx/Include -I../../../Middlewares/Third_Party/FatFs/src -I../../../Drivers/CMSIS/Include -Os -ffunction-sections -fdata-sections -g -fstack-usage -Wall -specs=nano.specs -o Drivers\STM32F7xx_HAL_Driver\stm32f7xx_hal.o ..\..\..\Drivers\STM32F7xx_HAL_Driver\Src\stm32f7xx_hal.c 
arm-atollic-eabi-gcc -c -mthumb -mcpu=cortex-m7 -mfloat-abi=hard -mfpu=fpv5-sp-d16 -std=gnu11 -D__weak=__attribute__((weak)) -D__packed=__attribute__((__packed__)) -DUSE_HAL_DRIVER -DSTM32F745xx -I../../../Inc -I../../../Drivers/STM32F7xx_HAL_Driver/Inc -I../../../Drivers/STM32F7xx_HAL_Driver/Inc/Legacy -I../../../Middlewares/ST/STM32_USB_Device_Library/Core/Inc -I../../../Middlewares/ST/STM32_USB_Device_Library/Class/DFU/Inc -I../../../Middlewares/ST/STM32_USB_Host_Library/Core/Inc -I../../../Middlewares/ST/STM32_USB_Host_Library/Class/CDC/Inc -I../../../Drivers/CMSIS/Device/ST/STM32F7xx/Include -I../../../Middlewares/Third_Party/FatFs/src -I../../../Drivers/CMSIS/Include -Os -ffunction-sections -fdata-sections -g -fstack-usage -Wall -specs=nano.specs -o Application\User\adc.o ..\..\..\Src\adc.c 
arm-atollic-eabi-gcc -c -mthumb -mcpu=cortex-m7 -mfloat-abi=hard -mfpu=fpv5-sp-d16 -std=gnu11 -D__weak=__attribute__((weak)) -D__packed=__attribute__((__packed__)) -DUSE_HAL_DRIVER -DSTM32F745xx -I../../../Inc -I../../../Drivers/STM32F7xx_HAL_Driver/Inc -I../../../Drivers/STM32F7xx_HAL_Driver/Inc/Legacy -I../../../Middlewares/ST/STM32_USB_Device_Library/Core/Inc -I../../../Middlewares/ST/STM32_USB_Device_Library/Class/DFU/Inc -I../../../Middlewares/ST/STM32_USB_Host_Library/Core/Inc -I../../../Middlewares/ST/STM32_USB_Host_Library/Class/CDC/Inc -I../../../Drivers/CMSIS/Device/ST/STM32F7xx/Include -I../../../Middlewares/Third_Party/FatFs/src -I../../../Drivers/CMSIS/Include -Os -ffunction-sections -fdata-sections -g -fstack-usage -Wall -specs=nano.specs -o Drivers\STM32F7xx_HAL_Driver\stm32f7xx_hal_adc_ex.o ..\..\..\Drivers\STM32F7xx_HAL_Driver\Src\stm32f7xx_hal_adc_ex.c 
arm-atollic-eabi-gcc -c -mthumb -mcpu=cortex-m7 -mfloat-abi=hard -mfpu=fpv5-sp-d16 -std=gnu11 -D__weak=__attribute__((weak)) -D__packed=__attribute__((__packed__)) -DUSE_HAL_DRIVER -DSTM32F745xx -I../../../Inc -I../../../Drivers/STM32F7xx_HAL_Driver/Inc -I../../../Drivers/STM32F7xx_HAL_Driver/Inc/Legacy -I../../../Middlewares/ST/STM32_USB_Device_Library/Core/Inc -I../../../Middlewares/ST/STM32_USB_Device_Library/Class/DFU/Inc -I../../../Middlewares/ST/STM32_USB_Host_Library/Core/Inc -I../../../Middlewares/ST/STM32_USB_Host_Library/Class/CDC/Inc -I../../../Drivers/CMSIS/Device/ST/STM32F7xx/Include -I../../../Middlewares/Third_Party/FatFs/src -I../../../Drivers/CMSIS/Include -Os -ffunction-sections -fdata-sections -g -fstack-usage -Wall -specs=nano.specs -o Drivers\STM32F7xx_HAL_Driver\stm32f7xx_hal_rcc.o ..\..\..\Drivers\STM32F7xx_HAL_Driver\Src\stm32f7xx_hal_rcc.c 
arm-atollic-eabi-gcc -c -mthumb -mcpu=cortex-m7 -mfloat-abi=hard -mfpu=fpv5-sp-d16 -std=gnu11 -D__weak=__attribute__((weak)) -D__packed=__attribute__((__packed__)) -DUSE_HAL_DRIVER -DSTM32F745xx -I../../../Inc -I../../../Drivers/STM32F7xx_HAL_Driver/Inc -I../../../Drivers/STM32F7xx_HAL_Driver/Inc/Legacy -I../../../Middlewares/ST/STM32_USB_Device_Library/Core/Inc -I../../../Middlewares/ST/STM32_USB_Device_Library/Class/DFU/Inc -I../../../Middlewares/ST/STM32_USB_Host_Library/Core/Inc -I../../../Middlewares/ST/STM32_USB_Host_Library/Class/CDC/Inc -I../../../Drivers/CMSIS/Device/ST/STM32F7xx/Include -I../../../Middlewares/Third_Party/FatFs/src -I../../../Drivers/CMSIS/Include -Os -ffunction-sections -fdata-sections -g -fstack-usage -Wall -specs=nano.specs -o Drivers\STM32F7xx_HAL_Driver\stm32f7xx_hal_adc.o ..\..\..\Drivers\STM32F7xx_HAL_Driver\Src\stm32f7xx_hal_adc.c 
arm-atollic-eabi-gcc -c -mthumb -mcpu=cortex-m7 -mfloat-abi=hard -mfpu=fpv5-sp-d16 -std=gnu11 -D__weak=__attribute__((weak)) -D__packed=__attribute__((__packed__)) -DUSE_HAL_DRIVER -DSTM32F745xx -I../../../Inc -I../../../Drivers/STM32F7xx_HAL_Driver/Inc -I../../../Drivers/STM32F7xx_HAL_Driver/Inc/Legacy -I../../../Middlewares/ST/STM32_USB_Device_Library/Core/Inc -I../../../Middlewares/ST/STM32_USB_Device_Library/Class/DFU/Inc -I../../../Middlewares/ST/STM32_USB_Host_Library/Core/Inc -I../../../Middlewares/ST/STM32_USB_Host_Library/Class/CDC/Inc -I../../../Drivers/CMSIS/Device/ST/STM32F7xx/Include -I../../../Middlewares/Third_Party/FatFs/src -I../../../Drivers/CMSIS/Include -Os -ffunction-sections -fdata-sections -g -fstack-usage -Wall -specs=nano.specs -o Application\User\dac.o ..\..\..\Src\dac.c 
arm-atollic-eabi-gcc -c -mthumb -mcpu=cortex-m7 -mfloat-abi=hard -mfpu=fpv5-sp-d16 -std=gnu11 -D__weak=__attribute__((weak)) -D__packed=__attribute__((__packed__)) -DUSE_HAL_DRIVER -DSTM32F745xx -I../../../Inc -I../../../Drivers/STM32F7xx_HAL_Driver/Inc -I../../../Drivers/STM32F7xx_HAL_Driver/Inc/Legacy -I../../../Middlewares/ST/STM32_USB_Device_Library/Core/Inc -I../../../Middlewares/ST/STM32_USB_Device_Library/Class/DFU/Inc -I../../../Middlewares/ST/STM32_USB_Host_Library/Core/Inc -I../../../Middlewares/ST/STM32_USB_Host_Library/Class/CDC/Inc -I../../../Drivers/CMSIS/Device/ST/STM32F7xx/Include -I../../../Middlewares/Third_Party/FatFs/src -I../../../Drivers/CMSIS/Include -Os -ffunction-sections -fdata-sections -g -fstack-usage -Wall -specs=nano.specs -o Application\User\spi.o ..\..\..\Src\spi.c 
arm-atollic-eabi-gcc -c -mthumb -mcpu=cortex-m7 -mfloat-abi=hard -mfpu=fpv5-sp-d16 -std=gnu11 -D__weak=__attribute__((weak)) -D__packed=__attribute__((__packed__)) -DUSE_HAL_DRIVER -DSTM32F745xx -I../../../Inc -I../../../Drivers/STM32F7xx_HAL_Driver/Inc -I../../../Drivers/STM32F7xx_HAL_Driver/Inc/Legacy -I../../../Middlewares/ST/STM32_USB_Device_Library/Core/Inc -I../../../Middlewares/ST/STM32_USB_Device_Library/Class/DFU/Inc -I../../../Middlewares/ST/STM32_USB_Host_Library/Core/Inc -I../../../Middlewares/ST/STM32_USB_Host_Library/Class/CDC/Inc -I../../../Drivers/CMSIS/Device/ST/STM32F7xx/Include -I../../../Middlewares/Third_Party/FatFs/src -I../../../Drivers/CMSIS/Include -Os -ffunction-sections -fdata-sections -g -fstack-usage -Wall -specs=nano.specs -o Drivers\STM32F7xx_HAL_Driver\stm32f7xx_hal_dma.o ..\..\..\Drivers\STM32F7xx_HAL_Driver\Src\stm32f7xx_hal_dma.c 
arm-atollic-eabi-gcc -c -mthumb -mcpu=cortex-m7 -mfloat-abi=hard -mfpu=fpv5-sp-d16 -std=gnu11 -D__weak=__attribute__((weak)) -D__packed=__attribute__((__packed__)) -DUSE_HAL_DRIVER -DSTM32F745xx -I../../../Inc -I../../../Drivers/STM32F7xx_HAL_Driver/Inc -I../../../Drivers/STM32F7xx_HAL_Driver/Inc/Legacy -I../../../Middlewares/ST/STM32_USB_Device_Library/Core/Inc -I../../../Middlewares/ST/STM32_USB_Device_Library/Class/DFU/Inc -I../../../Middlewares/ST/STM32_USB_Host_Library/Core/Inc -I../../../Middlewares/ST/STM32_USB_Host_Library/Class/CDC/Inc -I../../../Drivers/CMSIS/Device/ST/STM32F7xx/Include -I../../../Middlewares/Third_Party/FatFs/src -I../../../Drivers/CMSIS/Include -Os -ffunction-sections -fdata-sections -g -fstack-usage -Wall -specs=nano.specs -o Application\User\stm32f7xx_hal_msp.o ..\..\..\Src\stm32f7xx_hal_msp.c 
arm-atollic-eabi-gcc -c -mthumb -mcpu=cortex-m7 -mfloat-abi=hard -mfpu=fpv5-sp-d16 -std=gnu11 -D__weak=__attribute__((weak)) -D__packed=__attribute__((__packed__)) -DUSE_HAL_DRIVER -DSTM32F745xx -I../../../Inc -I../../../Drivers/STM32F7xx_HAL_Driver/Inc -I../../../Drivers/STM32F7xx_HAL_Driver/Inc/Legacy -I../../../Middlewares/ST/STM32_USB_Device_Library/Core/Inc -I../../../Middlewares/ST/STM32_USB_Device_Library/Class/DFU/Inc -I../../../Middlewares/ST/STM32_USB_Host_Library/Core/Inc -I../../../Middlewares/ST/STM32_USB_Host_Library/Class/CDC/Inc -I../../../Drivers/CMSIS/Device/ST/STM32F7xx/Include -I../../../Middlewares/Third_Party/FatFs/src -I../../../Drivers/CMSIS/Include -Os -ffunction-sections -fdata-sections -g -fstack-usage -Wall -specs=nano.specs -o Application\User\sdmmc.o ..\..\..\Src\sdmmc.c 
arm-atollic-eabi-gcc -c -mthumb -mcpu=cortex-m7 -mfloat-abi=hard -mfpu=fpv5-sp-d16 -std=gnu11 -D__weak=__attribute__((weak)) -D__packed=__attribute__((__packed__)) -DUSE_HAL_DRIVER -DSTM32F745xx -I../../../Inc -I../../../Drivers/STM32F7xx_HAL_Driver/Inc -I../../../Drivers/STM32F7xx_HAL_Driver/Inc/Legacy -I../../../Middlewares/ST/STM32_USB_Device_Library/Core/Inc -I../../../Middlewares/ST/STM32_USB_Device_Library/Class/DFU/Inc -I../../../Middlewares/ST/STM32_USB_Host_Library/Core/Inc -I../../../Middlewares/ST/STM32_USB_Host_Library/Class/CDC/Inc -I../../../Drivers/CMSIS/Device/ST/STM32F7xx/Include -I../../../Middlewares/Third_Party/FatFs/src -I../../../Drivers/CMSIS/Include -Os -ffunction-sections -fdata-sections -g -fstack-usage -Wall -specs=nano.specs -o Middlewares\USB_Device_Library\usbd_dfu.o ..\..\..\Middlewares\ST\STM32_USB_Device_Library\Class\DFU\Src\usbd_dfu.c 
arm-atollic-eabi-gcc -c -mthumb -mcpu=cortex-m7 -mfloat-abi=hard -mfpu=fpv5-sp-d16 -std=gnu11 -D__weak=__attribute__((weak)) -D__packed=__attribute__((__packed__)) -DUSE_HAL_DRIVER -DSTM32F745xx -I../../../Inc -I../../../Drivers/STM32F7xx_HAL_Driver/Inc -I../../../Drivers/STM32F7xx_HAL_Driver/Inc/Legacy -I../../../Middlewares/ST/STM32_USB_Device_Library/Core/Inc -I../../../Middlewares/ST/STM32_USB_Device_Library/Class/DFU/Inc -I../../../Middlewares/ST/STM32_USB_Host_Library/Core/Inc -I../../../Middlewares/ST/STM32_USB_Host_Library/Class/CDC/Inc -I../../../Drivers/CMSIS/Device/ST/STM32F7xx/Include -I../../../Middlewares/Third_Party/FatFs/src -I../../../Drivers/CMSIS/Include -Os -ffunction-sections -fdata-sections -g -fstack-usage -Wall -specs=nano.specs -o Application\User\fatfs.o ..\..\..\Src\fatfs.c 
arm-atollic-eabi-gcc -c -mthumb -mcpu=cortex-m7 -mfloat-abi=hard -mfpu=fpv5-sp-d16 -std=gnu11 -D__weak=__attribute__((weak)) -D__packed=__attribute__((__packed__)) -DUSE_HAL_DRIVER -DSTM32F745xx -I../../../Inc -I../../../Drivers/STM32F7xx_HAL_Driver/Inc -I../../../Drivers/STM32F7xx_HAL_Driver/Inc/Legacy -I../../../Middlewares/ST/STM32_USB_Device_Library/Core/Inc -I../../../Middlewares/ST/STM32_USB_Device_Library/Class/DFU/Inc -I../../../Middlewares/ST/STM32_USB_Host_Library/Core/Inc -I../../../Middlewares/ST/STM32_USB_Host_Library/Class/CDC/Inc -I../../../Drivers/CMSIS/Device/ST/STM32F7xx/Include -I../../../Middlewares/Third_Party/FatFs/src -I../../../Drivers/CMSIS/Include -Os -ffunction-sections -fdata-sections -g -fstack-usage -Wall -specs=nano.specs -o Middlewares\USB_Device_Library\usbd_core.o ..\..\..\Middlewares\ST\STM32_USB_Device_Library\Core\Src\usbd_core.c 
arm-atollic-eabi-gcc -c -mthumb -mcpu=cortex-m7 -mfloat-abi=hard -mfpu=fpv5-sp-d16 -std=gnu11 -D__weak=__attribute__((weak)) -D__packed=__attribute__((__packed__)) -DUSE_HAL_DRIVER -DSTM32F745xx -I../../../Inc -I../../../Drivers/STM32F7xx_HAL_Driver/Inc -I../../../Drivers/STM32F7xx_HAL_Driver/Inc/Legacy -I../../../Middlewares/ST/STM32_USB_Device_Library/Core/Inc -I../../../Middlewares/ST/STM32_USB_Device_Library/Class/DFU/Inc -I../../../Middlewares/ST/STM32_USB_Host_Library/Core/Inc -I../../../Middlewares/ST/STM32_USB_Host_Library/Class/CDC/Inc -I../../../Drivers/CMSIS/Device/ST/STM32F7xx/Include -I../../../Middlewares/Third_Party/FatFs/src -I../../../Drivers/CMSIS/Include -Os -ffunction-sections -fdata-sections -g -fstack-usage -Wall -specs=nano.specs -o Application\User\bsp_driver_sd.o ..\..\..\Src\bsp_driver_sd.c 
arm-atollic-eabi-gcc -c -mthumb -mcpu=cortex-m7 -mfloat-abi=hard -mfpu=fpv5-sp-d16 -std=gnu11 -D__weak=__attribute__((weak)) -D__packed=__attribute__((__packed__)) -DUSE_HAL_DRIVER -DSTM32F745xx -I../../../Inc -I../../../Drivers/STM32F7xx_HAL_Driver/Inc -I../../../Drivers/STM32F7xx_HAL_Driver/Inc/Legacy -I../../../Middlewares/ST/STM32_USB_Device_Library/Core/Inc -I../../../Middlewares/ST/STM32_USB_Device_Library/Class/DFU/Inc -I../../../Middlewares/ST/STM32_USB_Host_Library/Core/Inc -I../../../Middlewares/ST/STM32_USB_Host_Library/Class/CDC/Inc -I../../../Drivers/CMSIS/Device/ST/STM32F7xx/Include -I../../../Middlewares/Third_Party/FatFs/src -I../../../Drivers/CMSIS/Include -Os -ffunction-sections -fdata-sections -g -fstack-usage -Wall -specs=nano.specs -o Application\User\usb_device.o ..\..\..\Src\usb_device.c 
arm-atollic-eabi-gcc -c -mthumb -mcpu=cortex-m7 -mfloat-abi=hard -mfpu=fpv5-sp-d16 -std=gnu11 -D__weak=__attribute__((weak)) -D__packed=__attribute__((__packed__)) -DUSE_HAL_DRIVER -DSTM32F745xx -I../../../Inc -I../../../Drivers/STM32F7xx_HAL_Driver/Inc -I../../../Drivers/STM32F7xx_HAL_Driver/Inc/Legacy -I../../../Middlewares/ST/STM32_USB_Device_Library/Core/Inc -I../../../Middlewares/ST/STM32_USB_Device_Library/Class/DFU/Inc -I../../../Middlewares/ST/STM32_USB_Host_Library/Core/Inc -I../../../Middlewares/ST/STM32_USB_Host_Library/Class/CDC/Inc -I../../../Drivers/CMSIS/Device/ST/STM32F7xx/Include -I../../../Middlewares/Third_Party/FatFs/src -I../../../Drivers/CMSIS/Include -Os -ffunction-sections -fdata-sections -g -fstack-usage -Wall -specs=nano.specs -o Application\User\tim.o ..\..\..\Src\tim.c 
arm-atollic-eabi-gcc -c -mthumb -mcpu=cortex-m7 -mfloat-abi=hard -mfpu=fpv5-sp-d16 -std=gnu11 -D__weak=__attribute__((weak)) -D__packed=__attribute__((__packed__)) -DUSE_HAL_DRIVER -DSTM32F745xx -I../../../Inc -I../../../Drivers/STM32F7xx_HAL_Driver/Inc -I../../../Drivers/STM32F7xx_HAL_Driver/Inc/Legacy -I../../../Middlewares/ST/STM32_USB_Device_Library/Core/Inc -I../../../Middlewares/ST/STM32_USB_Device_Library/Class/DFU/Inc -I../../../Middlewares/ST/STM32_USB_Host_Library/Core/Inc -I../../../Middlewares/ST/STM32_USB_Host_Library/Class/CDC/Inc -I../../../Drivers/CMSIS/Device/ST/STM32F7xx/Include -I../../../Middlewares/Third_Party/FatFs/src -I../../../Drivers/CMSIS/Include -Os -ffunction-sections -fdata-sections -g -fstack-usage -Wall -specs=nano.specs -o Drivers\STM32F7xx_HAL_Driver\stm32f7xx_hal_eth.o ..\..\..\Drivers\STM32F7xx_HAL_Driver\Src\stm32f7xx_hal_eth.c 
arm-atollic-eabi-gcc -c -mthumb -mcpu=cortex-m7 -mfloat-abi=hard -mfpu=fpv5-sp-d16 -std=gnu11 -D__weak=__attribute__((weak)) -D__packed=__attribute__((__packed__)) -DUSE_HAL_DRIVER -DSTM32F745xx -I../../../Inc -I../../../Drivers/STM32F7xx_HAL_Driver/Inc -I../../../Drivers/STM32F7xx_HAL_Driver/Inc/Legacy -I../../../Middlewares/ST/STM32_USB_Device_Library/Core/Inc -I../../../Middlewares/ST/STM32_USB_Device_Library/Class/DFU/Inc -I../../../Middlewares/ST/STM32_USB_Host_Library/Core/Inc -I../../../Middlewares/ST/STM32_USB_Host_Library/Class/CDC/Inc -I../../../Drivers/CMSIS/Device/ST/STM32F7xx/Include -I../../../Middlewares/Third_Party/FatFs/src -I../../../Drivers/CMSIS/Include -Os -ffunction-sections -fdata-sections -g -fstack-usage -Wall -specs=nano.specs -o Application\User\rtc.o ..\..\..\Src\rtc.c 
arm-atollic-eabi-gcc -c -mthumb -mcpu=cortex-m7 -mfloat-abi=hard -mfpu=fpv5-sp-d16 -std=gnu11 -D__weak=__attribute__((weak)) -D__packed=__attribute__((__packed__)) -DUSE_HAL_DRIVER -DSTM32F745xx -I../../../Inc -I../../../Drivers/STM32F7xx_HAL_Driver/Inc -I../../../Drivers/STM32F7xx_HAL_Driver/Inc/Legacy -I../../../Middlewares/ST/STM32_USB_Device_Library/Core/Inc -I../../../Middlewares/ST/STM32_USB_Device_Library/Class/DFU/Inc -I../../../Middlewares/ST/STM32_USB_Host_Library/Core/Inc -I../../../Middlewares/ST/STM32_USB_Host_Library/Class/CDC/Inc -I../../../Drivers/CMSIS/Device/ST/STM32F7xx/Include -I../../../Middlewares/Third_Party/FatFs/src -I../../../Drivers/CMSIS/Include -Os -ffunction-sections -fdata-sections -g -fstack-usage -Wall -specs=nano.specs -o Drivers\STM32F7xx_HAL_Driver\stm32f7xx_hal_rcc_ex.o ..\..\..\Drivers\STM32F7xx_HAL_Driver\Src\stm32f7xx_hal_rcc_ex.c 
arm-atollic-eabi-gcc -c -mthumb -mcpu=cortex-m7 -mfloat-abi=hard -mfpu=fpv5-sp-d16 -std=gnu11 -D__weak=__attribute__((weak)) -D__packed=__attribute__((__packed__)) -DUSE_HAL_DRIVER -DSTM32F745xx -I../../../Inc -I../../../Drivers/STM32F7xx_HAL_Driver/Inc -I../../../Drivers/STM32F7xx_HAL_Driver/Inc/Legacy -I../../../Middlewares/ST/STM32_USB_Device_Library/Core/Inc -I../../../Middlewares/ST/STM32_USB_Device_Library/Class/DFU/Inc -I../../../Middlewares/ST/STM32_USB_Host_Library/Core/Inc -I../../../Middlewares/ST/STM32_USB_Host_Library/Class/CDC/Inc -I../../../Drivers/CMSIS/Device/ST/STM32F7xx/Include -I../../../Middlewares/Third_Party/FatFs/src -I../../../Drivers/CMSIS/Include -Os -ffunction-sections -fdata-sections -g -fstack-usage -Wall -specs=nano.specs -o Middlewares\USB_Device_Library\usbd_ioreq.o ..\..\..\Middlewares\ST\STM32_USB_Device_Library\Core\Src\usbd_ioreq.c 
arm-atollic-eabi-gcc -c -mthumb -mcpu=cortex-m7 -mfloat-abi=hard -mfpu=fpv5-sp-d16 -std=gnu11 -D__weak=__attribute__((weak)) -D__packed=__attribute__((__packed__)) -DUSE_HAL_DRIVER -DSTM32F745xx -I../../../Inc -I../../../Drivers/STM32F7xx_HAL_Driver/Inc -I../../../Drivers/STM32F7xx_HAL_Driver/Inc/Legacy -I../../../Middlewares/ST/STM32_USB_Device_Library/Core/Inc -I../../../Middlewares/ST/STM32_USB_Device_Library/Class/DFU/Inc -I../../../Middlewares/ST/STM32_USB_Host_Library/Core/Inc -I../../../Middlewares/ST/STM32_USB_Host_Library/Class/CDC/Inc -I../../../Drivers/CMSIS/Device/ST/STM32F7xx/Include -I../../../Middlewares/Third_Party/FatFs/src -I../../../Drivers/CMSIS/Include -Os -ffunction-sections -fdata-sections -g -fstack-usage -Wall -specs=nano.specs -o Drivers\STM32F7xx_HAL_Driver\stm32f7xx_hal_uart.o ..\..\..\Drivers\STM32F7xx_HAL_Driver\Src\stm32f7xx_hal_uart.c 
arm-atollic-eabi-gcc -c -mthumb -mcpu=cortex-m7 -mfloat-abi=hard -mfpu=fpv5-sp-d16 -std=gnu11 -D__weak=__attribute__((weak)) -D__packed=__attribute__((__packed__)) -DUSE_HAL_DRIVER -DSTM32F745xx -I../../../Inc -I../../../Drivers/STM32F7xx_HAL_Driver/Inc -I../../../Drivers/STM32F7xx_HAL_Driver/Inc/Legacy -I../../../Middlewares/ST/STM32_USB_Device_Library/Core/Inc -I../../../Middlewares/ST/STM32_USB_Device_Library/Class/DFU/Inc -I../../../Middlewares/ST/STM32_USB_Host_Library/Core/Inc -I../../../Middlewares/ST/STM32_USB_Host_Library/Class/CDC/Inc -I../../../Drivers/CMSIS/Device/ST/STM32F7xx/Include -I../../../Middlewares/Third_Party/FatFs/src -I../../../Drivers/CMSIS/Include -Os -ffunction-sections -fdata-sections -g -fstack-usage -Wall -specs=nano.specs -o Drivers\STM32F7xx_HAL_Driver\stm32f7xx_hal_can.o ..\..\..\Drivers\STM32F7xx_HAL_Driver\Src\stm32f7xx_hal_can.c 
arm-atollic-eabi-gcc -c -mthumb -mcpu=cortex-m7 -mfloat-abi=hard -mfpu=fpv5-sp-d16 -std=gnu11 -D__weak=__attribute__((weak)) -D__packed=__attribute__((__packed__)) -DUSE_HAL_DRIVER -DSTM32F745xx -I../../../Inc -I../../../Drivers/STM32F7xx_HAL_Driver/Inc -I../../../Drivers/STM32F7xx_HAL_Driver/Inc/Legacy -I../../../Middlewares/ST/STM32_USB_Device_Library/Core/Inc -I../../../Middlewares/ST/STM32_USB_Device_Library/Class/DFU/Inc -I../../../Middlewares/ST/STM32_USB_Host_Library/Core/Inc -I../../../Middlewares/ST/STM32_USB_Host_Library/Class/CDC/Inc -I../../../Drivers/CMSIS/Device/ST/STM32F7xx/Include -I../../../Middlewares/Third_Party/FatFs/src -I../../../Drivers/CMSIS/Include -Os -ffunction-sections -fdata-sections -g -fstack-usage -Wall -specs=nano.specs -o Middlewares\USB_Host_Library\usbh_ctlreq.o ..\..\..\Middlewares\ST\STM32_USB_Host_Library\Core\Src\usbh_ctlreq.c 
arm-atollic-eabi-gcc -c -mthumb -mcpu=cortex-m7 -mfloat-abi=hard -mfpu=fpv5-sp-d16 -std=gnu11 -D__weak=__attribute__((weak)) -D__packed=__attribute__((__packed__)) -DUSE_HAL_DRIVER -DSTM32F745xx -I../../../Inc -I../../../Drivers/STM32F7xx_HAL_Driver/Inc -I../../../Drivers/STM32F7xx_HAL_Driver/Inc/Legacy -I../../../Middlewares/ST/STM32_USB_Device_Library/Core/Inc -I../../../Middlewares/ST/STM32_USB_Device_Library/Class/DFU/Inc -I../../../Middlewares/ST/STM32_USB_Host_Library/Core/Inc -I../../../Middlewares/ST/STM32_USB_Host_Library/Class/CDC/Inc -I../../../Drivers/CMSIS/Device/ST/STM32F7xx/Include -I../../../Middlewares/Third_Party/FatFs/src -I../../../Drivers/CMSIS/Include -Os -ffunction-sections -fdata-sections -g -fstack-usage -Wall -specs=nano.specs -o Drivers\STM32F7xx_HAL_Driver\stm32f7xx_hal_gpio.o ..\..\..\Drivers\STM32F7xx_HAL_Driver\Src\stm32f7xx_hal_gpio.c 
arm-atollic-eabi-gcc -c -mthumb -mcpu=cortex-m7 -mfloat-abi=hard -mfpu=fpv5-sp-d16 -std=gnu11 -D__weak=__attribute__((weak)) -D__packed=__attribute__((__packed__)) -DUSE_HAL_DRIVER -DSTM32F745xx -I../../../Inc -I../../../Drivers/STM32F7xx_HAL_Driver/Inc -I../../../Drivers/STM32F7xx_HAL_Driver/Inc/Legacy -I../../../Middlewares/ST/STM32_USB_Device_Library/Core/Inc -I../../../Middlewares/ST/STM32_USB_Device_Library/Class/DFU/Inc -I../../../Middlewares/ST/STM32_USB_Host_Library/Core/Inc -I../../../Middlewares/ST/STM32_USB_Host_Library/Class/CDC/Inc -I../../../Drivers/CMSIS/Device/ST/STM32F7xx/Include -I../../../Middlewares/Third_Party/FatFs/src -I../../../Drivers/CMSIS/Include -Os -ffunction-sections -fdata-sections -g -fstack-usage -Wall -specs=nano.specs -o Drivers\STM32F7xx_HAL_Driver\stm32f7xx_hal_pwr.o ..\..\..\Drivers\STM32F7xx_HAL_Driver\Src\stm32f7xx_hal_pwr.c 
arm-atollic-eabi-gcc -c -mthumb -mcpu=cortex-m7 -mfloat-abi=hard -mfpu=fpv5-sp-d16 -std=gnu11 -D__weak=__attribute__((weak)) -D__packed=__attribute__((__packed__)) -DUSE_HAL_DRIVER -DSTM32F745xx -I../../../Inc -I../../../Drivers/STM32F7xx_HAL_Driver/Inc -I../../../Drivers/STM32F7xx_HAL_Driver/Inc/Legacy -I../../../Middlewares/ST/STM32_USB_Device_Library/Core/Inc -I../../../Middlewares/ST/STM32_USB_Device_Library/Class/DFU/Inc -I../../../Middlewares/ST/STM32_USB_Host_Library/Core/Inc -I../../../Middlewares/ST/STM32_USB_Host_Library/Class/CDC/Inc -I../../../Drivers/CMSIS/Device/ST/STM32F7xx/Include -I../../../Middlewares/Third_Party/FatFs/src -I../../../Drivers/CMSIS/Include -Os -ffunction-sections -fdata-sections -g -fstack-usage -Wall -specs=nano.specs -o Drivers\STM32F7xx_HAL_Driver\stm32f7xx_hal_dac_ex.o ..\..\..\Drivers\STM32F7xx_HAL_Driver\Src\stm32f7xx_hal_dac_ex.c 
arm-atollic-eabi-gcc -c -mthumb -mcpu=cortex-m7 -mfloat-abi=hard -mfpu=fpv5-sp-d16 -std=gnu11 -D__weak=__attribute__((weak)) -D__packed=__attribute__((__packed__)) -DUSE_HAL_DRIVER -DSTM32F745xx -I../../../Inc -I../../../Drivers/STM32F7xx_HAL_Driver/Inc -I../../../Drivers/STM32F7xx_HAL_Driver/Inc/Legacy -I../../../Middlewares/ST/STM32_USB_Device_Library/Core/Inc -I../../../Middlewares/ST/STM32_USB_Device_Library/Class/DFU/Inc -I../../../Middlewares/ST/STM32_USB_Host_Library/Core/Inc -I../../../Middlewares/ST/STM32_USB_Host_Library/Class/CDC/Inc -I../../../Drivers/CMSIS/Device/ST/STM32F7xx/Include -I../../../Middlewares/Third_Party/FatFs/src -I../../../Drivers/CMSIS/Include -Os -ffunction-sections -fdata-sections -g -fstack-usage -Wall -specs=nano.specs -o Drivers\STM32F7xx_HAL_Driver\stm32f7xx_ll_sdmmc.o ..\..\..\Drivers\STM32F7xx_HAL_Driver\Src\stm32f7xx_ll_sdmmc.c 
arm-atollic-eabi-gcc -c -mthumb -mcpu=cortex-m7 -mfloat-abi=hard -mfpu=fpv5-sp-d16 -std=gnu11 -D__weak=__attribute__((weak)) -D__packed=__attribute__((__packed__)) -DUSE_HAL_DRIVER -DSTM32F745xx -I../../../Inc -I../../../Drivers/STM32F7xx_HAL_Driver/Inc -I../../../Drivers/STM32F7xx_HAL_Driver/Inc/Legacy -I../../../Middlewares/ST/STM32_USB_Device_Library/Core/Inc -I../../../Middlewares/ST/STM32_USB_Device_Library/Class/DFU/Inc -I../../../Middlewares/ST/STM32_USB_Host_Library/Core/Inc -I../../../Middlewares/ST/STM32_USB_Host_Library/Class/CDC/Inc -I../../../Drivers/CMSIS/Device/ST/STM32F7xx/Include -I../../../Middlewares/Third_Party/FatFs/src -I../../../Drivers/CMSIS/Include -Os -ffunction-sections -fdata-sections -g -fstack-usage -Wall -specs=nano.specs -o Drivers\STM32F7xx_HAL_Driver\stm32f7xx_hal_dma_ex.o ..\..\..\Drivers\STM32F7xx_HAL_Driver\Src\stm32f7xx_hal_dma_ex.c 
arm-atollic-eabi-gcc -c -mthumb -mcpu=cortex-m7 -mfloat-abi=hard -mfpu=fpv5-sp-d16 -std=gnu11 -D__weak=__attribute__((weak)) -D__packed=__attribute__((__packed__)) -DUSE_HAL_DRIVER -DSTM32F745xx -I../../../Inc -I../../../Drivers/STM32F7xx_HAL_Driver/Inc -I../../../Drivers/STM32F7xx_HAL_Driver/Inc/Legacy -I../../../Middlewares/ST/STM32_USB_Device_Library/Core/Inc -I../../../Middlewares/ST/STM32_USB_Device_Library/Class/DFU/Inc -I../../../Middlewares/ST/STM32_USB_Host_Library/Core/Inc -I../../../Middlewares/ST/STM32_USB_Host_Library/Class/CDC/Inc -I../../../Drivers/CMSIS/Device/ST/STM32F7xx/Include -I../../../Middlewares/Third_Party/FatFs/src -I../../../Drivers/CMSIS/Include -Os -ffunction-sections -fdata-sections -g -fstack-usage -Wall -specs=nano.specs -o Drivers\STM32F7xx_HAL_Driver\stm32f7xx_hal_rtc_ex.o ..\..\..\Drivers\STM32F7xx_HAL_Driver\Src\stm32f7xx_hal_rtc_ex.c 
arm-atollic-eabi-gcc -c -mthumb -mcpu=cortex-m7 -mfloat-abi=hard -mfpu=fpv5-sp-d16 -g -Wa,--no-warn -x assembler-with-cpp -specs=nano.specs -o Application\TrueSTUDIO\startup_stm32f745xx.o ..\..\startup_stm32f745xx.s 
arm-atollic-eabi-gcc -c -mthumb -mcpu=cortex-m7 -mfloat-abi=hard -mfpu=fpv5-sp-d16 -std=gnu11 -D__weak=__attribute__((weak)) -D__packed=__attribute__((__packed__)) -DUSE_HAL_DRIVER -DSTM32F745xx -I../../../Inc -I../../../Drivers/STM32F7xx_HAL_Driver/Inc -I../../../Drivers/STM32F7xx_HAL_Driver/Inc/Legacy -I../../../Middlewares/ST/STM32_USB_Device_Library/Core/Inc -I../../../Middlewares/ST/STM32_USB_Device_Library/Class/DFU/Inc -I../../../Middlewares/ST/STM32_USB_Host_Library/Core/Inc -I../../../Middlewares/ST/STM32_USB_Host_Library/Class/CDC/Inc -I../../../Drivers/CMSIS/Device/ST/STM32F7xx/Include -I../../../Middlewares/Third_Party/FatFs/src -I../../../Drivers/CMSIS/Include -Os -ffunction-sections -fdata-sections -g -fstack-usage -Wall -specs=nano.specs -o Application\User\usbd_dfu_if.o ..\..\..\Src\usbd_dfu_if.c 
arm-atollic-eabi-gcc -c -mthumb -mcpu=cortex-m7 -mfloat-abi=hard -mfpu=fpv5-sp-d16 -std=gnu11 -D__weak=__attribute__((weak)) -D__packed=__attribute__((__packed__)) -DUSE_HAL_DRIVER -DSTM32F745xx -I../../../Inc -I../../../Drivers/STM32F7xx_HAL_Driver/Inc -I../../../Drivers/STM32F7xx_HAL_Driver/Inc/Legacy -I../../../Middlewares/ST/STM32_USB_Device_Library/Core/Inc -I../../../Middlewares/ST/STM32_USB_Device_Library/Class/DFU/Inc -I../../../Middlewares/ST/STM32_USB_Host_Library/Core/Inc -I../../../Middlewares/ST/STM32_USB_Host_Library/Class/CDC/Inc -I../../../Drivers/CMSIS/Device/ST/STM32F7xx/Include -I../../../Middlewares/Third_Party/FatFs/src -I../../../Drivers/CMSIS/Include -Os -ffunction-sections -fdata-sections -g -fstack-usage -Wall -specs=nano.specs -o Drivers\STM32F7xx_HAL_Driver\stm32f7xx_hal_pwr_ex.o ..\..\..\Drivers\STM32F7xx_HAL_Driver\Src\stm32f7xx_hal_pwr_ex.c 
arm-atollic-eabi-gcc -c -mthumb -mcpu=cortex-m7 -mfloat-abi=hard -mfpu=fpv5-sp-d16 -std=gnu11 -D__weak=__attribute__((weak)) -D__packed=__attribute__((__packed__)) -DUSE_HAL_DRIVER -DSTM32F745xx -I../../../Inc -I../../../Drivers/STM32F7xx_HAL_Driver/Inc -I../../../Drivers/STM32F7xx_HAL_Driver/Inc/Legacy -I../../../Middlewares/ST/STM32_USB_Device_Library/Core/Inc -I../../../Middlewares/ST/STM32_USB_Device_Library/Class/DFU/Inc -I../../../Middlewares/ST/STM32_USB_Host_Library/Core/Inc -I../../../Middlewares/ST/STM32_USB_Host_Library/Class/CDC/Inc -I../../../Drivers/CMSIS/Device/ST/STM32F7xx/Include -I../../../Middlewares/Third_Party/FatFs/src -I../../../Drivers/CMSIS/Include -Os -ffunction-sections -fdata-sections -g -fstack-usage -Wall -specs=nano.specs -o Middlewares\FatFs\ff.o ..\..\..\Middlewares\Third_Party\FatFs\src\ff.c 
arm-atollic-eabi-gcc -c -mthumb -mcpu=cortex-m7 -mfloat-abi=hard -mfpu=fpv5-sp-d16 -std=gnu11 -D__weak=__attribute__((weak)) -D__packed=__attribute__((__packed__)) -DUSE_HAL_DRIVER -DSTM32F745xx -I../../../Inc -I../../../Drivers/STM32F7xx_HAL_Driver/Inc -I../../../Drivers/STM32F7xx_HAL_Driver/Inc/Legacy -I../../../Middlewares/ST/STM32_USB_Device_Library/Core/Inc -I../../../Middlewares/ST/STM32_USB_Device_Library/Class/DFU/Inc -I../../../Middlewares/ST/STM32_USB_Host_Library/Core/Inc -I../../../Middlewares/ST/STM32_USB_Host_Library/Class/CDC/Inc -I../../../Drivers/CMSIS/Device/ST/STM32F7xx/Include -I../../../Middlewares/Third_Party/FatFs/src -I../../../Drivers/CMSIS/Include -Os -ffunction-sections -fdata-sections -g -fstack-usage -Wall -specs=nano.specs -o Middlewares\FatFs\ff_gen_drv.o ..\..\..\Middlewares\Third_Party\FatFs\src\ff_gen_drv.c 
arm-atollic-eabi-gcc -c -mthumb -mcpu=cortex-m7 -mfloat-abi=hard -mfpu=fpv5-sp-d16 -std=gnu11 -D__weak=__attribute__((weak)) -D__packed=__attribute__((__packed__)) -DUSE_HAL_DRIVER -DSTM32F745xx -I../../../Inc -I../../../Drivers/STM32F7xx_HAL_Driver/Inc -I../../../Drivers/STM32F7xx_HAL_Driver/Inc/Legacy -I../../../Middlewares/ST/STM32_USB_Device_Library/Core/Inc -I../../../Middlewares/ST/STM32_USB_Device_Library/Class/DFU/Inc -I../../../Middlewares/ST/STM32_USB_Host_Library/Core/Inc -I../../../Middlewares/ST/STM32_USB_Host_Library/Class/CDC/Inc -I../../../Drivers/CMSIS/Device/ST/STM32F7xx/Include -I../../../Middlewares/Third_Party/FatFs/src -I../../../Drivers/CMSIS/Include -Os -ffunction-sections -fdata-sections -g -fstack-usage -Wall -specs=nano.specs -o Drivers\STM32F7xx_HAL_Driver\stm32f7xx_hal_dac.o ..\..\..\Drivers\STM32F7xx_HAL_Driver\Src\stm32f7xx_hal_dac.c 
arm-atollic-eabi-gcc -c -mthumb -mcpu=cortex-m7 -mfloat-abi=hard -mfpu=fpv5-sp-d16 -std=gnu11 -D__weak=__attribute__((weak)) -D__packed=__attribute__((__packed__)) -DUSE_HAL_DRIVER -DSTM32F745xx -I../../../Inc -I../../../Drivers/STM32F7xx_HAL_Driver/Inc -I../../../Drivers/STM32F7xx_HAL_Driver/Inc/Legacy -I../../../Middlewares/ST/STM32_USB_Device_Library/Core/Inc -I../../../Middlewares/ST/STM32_USB_Device_Library/Class/DFU/Inc -I../../../Middlewares/ST/STM32_USB_Host_Library/Core/Inc -I../../../Middlewares/ST/STM32_USB_Host_Library/Class/CDC/Inc -I../../../Drivers/CMSIS/Device/ST/STM32F7xx/Include -I../../../Middlewares/Third_Party/FatFs/src -I../../../Drivers/CMSIS/Include -Os -ffunction-sections -fdata-sections -g -fstack-usage -Wall -specs=nano.specs -o Middlewares\USB_Device_Library\usbd_ctlreq.o ..\..\..\Middlewares\ST\STM32_USB_Device_Library\Core\Src\usbd_ctlreq.c 
arm-atollic-eabi-gcc -c -mthumb -mcpu=cortex-m7 -mfloat-abi=hard -mfpu=fpv5-sp-d16 -std=gnu11 -D__weak=__attribute__((weak)) -D__packed=__attribute__((__packed__)) -DUSE_HAL_DRIVER -DSTM32F745xx -I../../../Inc -I../../../Drivers/STM32F7xx_HAL_Driver/Inc -I../../../Drivers/STM32F7xx_HAL_Driver/Inc/Legacy -I../../../Middlewares/ST/STM32_USB_Device_Library/Core/Inc -I../../../Middlewares/ST/STM32_USB_Device_Library/Class/DFU/Inc -I../../../Middlewares/ST/STM32_USB_Host_Library/Core/Inc -I../../../Middlewares/ST/STM32_USB_Host_Library/Class/CDC/Inc -I../../../Drivers/CMSIS/Device/ST/STM32F7xx/Include -I../../../Middlewares/Third_Party/FatFs/src -I../../../Drivers/CMSIS/Include -Os -ffunction-sections -fdata-sections -g -fstack-usage -Wall -specs=nano.specs -o Application\User\can.o ..\..\..\Src\can.c 
arm-atollic-eabi-gcc -c -mthumb -mcpu=cortex-m7 -mfloat-abi=hard -mfpu=fpv5-sp-d16 -std=gnu11 -D__weak=__attribute__((weak)) -D__packed=__attribute__((__packed__)) -DUSE_HAL_DRIVER -DSTM32F745xx -I../../../Inc -I../../../Drivers/STM32F7xx_HAL_Driver/Inc -I../../../Drivers/STM32F7xx_HAL_Driver/Inc/Legacy -I../../../Middlewares/ST/STM32_USB_Device_Library/Core/Inc -I../../../Middlewares/ST/STM32_USB_Device_Library/Class/DFU/Inc -I../../../Middlewares/ST/STM32_USB_Host_Library/Core/Inc -I../../../Middlewares/ST/STM32_USB_Host_Library/Class/CDC/Inc -I../../../Drivers/CMSIS/Device/ST/STM32F7xx/Include -I../../../Middlewares/Third_Party/FatFs/src -I../../../Drivers/CMSIS/Include -Os -ffunction-sections -fdata-sections -g -fstack-usage -Wall -specs=nano.specs -o Application\User\stm32f7xx_hal_timebase_TIM.o ..\..\..\Src\stm32f7xx_hal_timebase_TIM.c 
arm-atollic-eabi-gcc -c -mthumb -mcpu=cortex-m7 -mfloat-abi=hard -mfpu=fpv5-sp-d16 -std=gnu11 -D__weak=__attribute__((weak)) -D__packed=__attribute__((__packed__)) -DUSE_HAL_DRIVER -DSTM32F745xx -I../../../Inc -I../../../Drivers/STM32F7xx_HAL_Driver/Inc -I../../../Drivers/STM32F7xx_HAL_Driver/Inc/Legacy -I../../../Middlewares/ST/STM32_USB_Device_Library/Core/Inc -I../../../Middlewares/ST/STM32_USB_Device_Library/Class/DFU/Inc -I../../../Middlewares/ST/STM32_USB_Host_Library/Core/Inc -I../../../Middlewares/ST/STM32_USB_Host_Library/Class/CDC/Inc -I../../../Drivers/CMSIS/Device/ST/STM32F7xx/Include -I../../../Middlewares/Third_Party/FatFs/src -I../../../Drivers/CMSIS/Include -Os -ffunction-sections -fdata-sections -g -fstack-usage -Wall -specs=nano.specs -o Application\User\gpio.o ..\..\..\Src\gpio.c 
arm-atollic-eabi-gcc -c -mthumb -mcpu=cortex-m7 -mfloat-abi=hard -mfpu=fpv5-sp-d16 -std=gnu11 -D__weak=__attribute__((weak)) -D__packed=__attribute__((__packed__)) -DUSE_HAL_DRIVER -DSTM32F745xx -I../../../Inc -I../../../Drivers/STM32F7xx_HAL_Driver/Inc -I../../../Drivers/STM32F7xx_HAL_Driver/Inc/Legacy -I../../../Middlewares/ST/STM32_USB_Device_Library/Core/Inc -I../../../Middlewares/ST/STM32_USB_Device_Library/Class/DFU/Inc -I../../../Middlewares/ST/STM32_USB_Host_Library/Core/Inc -I../../../Middlewares/ST/STM32_USB_Host_Library/Class/CDC/Inc -I../../../Drivers/CMSIS/Device/ST/STM32F7xx/Include -I../../../Middlewares/Third_Party/FatFs/src -I../../../Drivers/CMSIS/Include -Os -ffunction-sections -fdata-sections -g -fstack-usage -Wall -specs=nano.specs -o Drivers\STM32F7xx_HAL_Driver\stm32f7xx_hal_cortex.o ..\..\..\Drivers\STM32F7xx_HAL_Driver\Src\stm32f7xx_hal_cortex.c 
arm-atollic-eabi-gcc -c -mthumb -mcpu=cortex-m7 -mfloat-abi=hard -mfpu=fpv5-sp-d16 -std=gnu11 -D__weak=__attribute__((weak)) -D__packed=__attribute__((__packed__)) -DUSE_HAL_DRIVER -DSTM32F745xx -I../../../Inc -I../../../Drivers/STM32F7xx_HAL_Driver/Inc -I../../../Drivers/STM32F7xx_HAL_Driver/Inc/Legacy -I../../../Middlewares/ST/STM32_USB_Device_Library/Core/Inc -I../../../Middlewares/ST/STM32_USB_Device_Library/Class/DFU/Inc -I../../../Middlewares/ST/STM32_USB_Host_Library/Core/Inc -I../../../Middlewares/ST/STM32_USB_Host_Library/Class/CDC/Inc -I../../../Drivers/CMSIS/Device/ST/STM32F7xx/Include -I../../../Middlewares/Third_Party/FatFs/src -I../../../Drivers/CMSIS/Include -Os -ffunction-sections -fdata-sections -g -fstack-usage -Wall -specs=nano.specs -o Drivers\CMSIS\system_stm32f7xx.o ..\..\..\Src\system_stm32f7xx.c 
arm-atollic-eabi-gcc -c -mthumb -mcpu=cortex-m7 -mfloat-abi=hard -mfpu=fpv5-sp-d16 -std=gnu11 -D__weak=__attribute__((weak)) -D__packed=__attribute__((__packed__)) -DUSE_HAL_DRIVER -DSTM32F745xx -I../../../Inc -I../../../Drivers/STM32F7xx_HAL_Driver/Inc -I../../../Drivers/STM32F7xx_HAL_Driver/Inc/Legacy -I../../../Middlewares/ST/STM32_USB_Device_Library/Core/Inc -I../../../Middlewares/ST/STM32_USB_Device_Library/Class/DFU/Inc -I../../../Middlewares/ST/STM32_USB_Host_Library/Core/Inc -I../../../Middlewares/ST/STM32_USB_Host_Library/Class/CDC/Inc -I../../../Drivers/CMSIS/Device/ST/STM32F7xx/Include -I../../../Middlewares/Third_Party/FatFs/src -I../../../Drivers/CMSIS/Include -Os -ffunction-sections -fdata-sections -g -fstack-usage -Wall -specs=nano.specs -o Drivers\STM32F7xx_HAL_Driver\stm32f7xx_hal_sd.o ..\..\..\Drivers\STM32F7xx_HAL_Driver\Src\stm32f7xx_hal_sd.c 
arm-atollic-eabi-gcc -c -mthumb -mcpu=cortex-m7 -mfloat-abi=hard -mfpu=fpv5-sp-d16 -std=gnu11 -D__weak=__attribute__((weak)) -D__packed=__attribute__((__packed__)) -DUSE_HAL_DRIVER -DSTM32F745xx -I../../../Inc -I../../../Drivers/STM32F7xx_HAL_Driver/Inc -I../../../Drivers/STM32F7xx_HAL_Driver/Inc/Legacy -I../../../Middlewares/ST/STM32_USB_Device_Library/Core/Inc -I../../../Middlewares/ST/STM32_USB_Device_Library/Class/DFU/Inc -I../../../Middlewares/ST/STM32_USB_Host_Library/Core/Inc -I../../../Middlewares/ST/STM32_USB_Host_Library/Class/CDC/Inc -I../../../Drivers/CMSIS/Device/ST/STM32F7xx/Include -I../../../Middlewares/Third_Party/FatFs/src -I../../../Drivers/CMSIS/Include -Os -ffunction-sections -fdata-sections -g -fstack-usage -Wall -specs=nano.specs -o Application\User\usb_host.o ..\..\..\Src\usb_host.c 
arm-atollic-eabi-gcc -c -mthumb -mcpu=cortex-m7 -mfloat-abi=hard -mfpu=fpv5-sp-d16 -std=gnu11 -D__weak=__attribute__((weak)) -D__packed=__attribute__((__packed__)) -DUSE_HAL_DRIVER -DSTM32F745xx -I../../../Inc -I../../../Drivers/STM32F7xx_HAL_Driver/Inc -I../../../Drivers/STM32F7xx_HAL_Driver/Inc/Legacy -I../../../Middlewares/ST/STM32_USB_Device_Library/Core/Inc -I../../../Middlewares/ST/STM32_USB_Device_Library/Class/DFU/Inc -I../../../Middlewares/ST/STM32_USB_Host_Library/Core/Inc -I../../../Middlewares/ST/STM32_USB_Host_Library/Class/CDC/Inc -I../../../Drivers/CMSIS/Device/ST/STM32F7xx/Include -I../../../Middlewares/Third_Party/FatFs/src -I../../../Drivers/CMSIS/Include -Os -ffunction-sections -fdata-sections -g -fstack-usage -Wall -specs=nano.specs -o Application\User\usbd_desc.o ..\..\..\Src\usbd_desc.c 
arm-atollic-eabi-gcc -c -mthumb -mcpu=cortex-m7 -mfloat-abi=hard -mfpu=fpv5-sp-d16 -std=gnu11 -D__weak=__attribute__((weak)) -D__packed=__attribute__((__packed__)) -DUSE_HAL_DRIVER -DSTM32F745xx -I../../../Inc -I../../../Drivers/STM32F7xx_HAL_Driver/Inc -I../../../Drivers/STM32F7xx_HAL_Driver/Inc/Legacy -I../../../Middlewares/ST/STM32_USB_Device_Library/Core/Inc -I../../../Middlewares/ST/STM32_USB_Device_Library/Class/DFU/Inc -I../../../Middlewares/ST/STM32_USB_Host_Library/Core/Inc -I../../../Middlewares/ST/STM32_USB_Host_Library/Class/CDC/Inc -I../../../Drivers/CMSIS/Device/ST/STM32F7xx/Include -I../../../Middlewares/Third_Party/FatFs/src -I../../../Drivers/CMSIS/Include -Os -ffunction-sections -fdata-sections -g -fstack-usage -Wall -specs=nano.specs -o Drivers\STM32F7xx_HAL_Driver\stm32f7xx_hal_hcd.o ..\..\..\Drivers\STM32F7xx_HAL_Driver\Src\stm32f7xx_hal_hcd.c 
arm-atollic-eabi-gcc -c -mthumb -mcpu=cortex-m7 -mfloat-abi=hard -mfpu=fpv5-sp-d16 -std=gnu11 -D__weak=__attribute__((weak)) -D__packed=__attribute__((__packed__)) -DUSE_HAL_DRIVER -DSTM32F745xx -I../../../Inc -I../../../Drivers/STM32F7xx_HAL_Driver/Inc -I../../../Drivers/STM32F7xx_HAL_Driver/Inc/Legacy -I../../../Middlewares/ST/STM32_USB_Device_Library/Core/Inc -I../../../Middlewares/ST/STM32_USB_Device_Library/Class/DFU/Inc -I../../../Middlewares/ST/STM32_USB_Host_Library/Core/Inc -I../../../Middlewares/ST/STM32_USB_Host_Library/Class/CDC/Inc -I../../../Drivers/CMSIS/Device/ST/STM32F7xx/Include -I../../../Middlewares/Third_Party/FatFs/src -I../../../Drivers/CMSIS/Include -Os -ffunction-sections -fdata-sections -g -fstack-usage -Wall -specs=nano.specs -o Drivers\STM32F7xx_HAL_Driver\stm32f7xx_hal_spi.o ..\..\..\Drivers\STM32F7xx_HAL_Driver\Src\stm32f7xx_hal_spi.c 
arm-atollic-eabi-gcc -c -mthumb -mcpu=cortex-m7 -mfloat-abi=hard -mfpu=fpv5-sp-d16 -std=gnu11 -D__weak=__attribute__((weak)) -D__packed=__attribute__((__packed__)) -DUSE_HAL_DRIVER -DSTM32F745xx -I../../../Inc -I../../../Drivers/STM32F7xx_HAL_Driver/Inc -I../../../Drivers/STM32F7xx_HAL_Driver/Inc/Legacy -I../../../Middlewares/ST/STM32_USB_Device_Library/Core/Inc -I../../../Middlewares/ST/STM32_USB_Device_Library/Class/DFU/Inc -I../../../Middlewares/ST/STM32_USB_Host_Library/Core/Inc -I../../../Middlewares/ST/STM32_USB_Host_Library/Class/CDC/Inc -I../../../Drivers/CMSIS/Device/ST/STM32F7xx/Include -I../../../Middlewares/Third_Party/FatFs/src -I../../../Drivers/CMSIS/Include -Os -ffunction-sections -fdata-sections -g -fstack-usage -Wall -specs=nano.specs -o Application\User\usart.o ..\..\..\Src\usart.c 
arm-atollic-eabi-gcc -c -mthumb -mcpu=cortex-m7 -mfloat-abi=hard -mfpu=fpv5-sp-d16 -std=gnu11 -D__weak=__attribute__((weak)) -D__packed=__attribute__((__packed__)) -DUSE_HAL_DRIVER -DSTM32F745xx -I../../../Inc -I../../../Drivers/STM32F7xx_HAL_Driver/Inc -I../../../Drivers/STM32F7xx_HAL_Driver/Inc/Legacy -I../../../Middlewares/ST/STM32_USB_Device_Library/Core/Inc -I../../../Middlewares/ST/STM32_USB_Device_Library/Class/DFU/Inc -I../../../Middlewares/ST/STM32_USB_Host_Library/Core/Inc -I../../../Middlewares/ST/STM32_USB_Host_Library/Class/CDC/Inc -I../../../Drivers/CMSIS/Device/ST/STM32F7xx/Include -I../../../Middlewares/Third_Party/FatFs/src -I../../../Drivers/CMSIS/Include -Os -ffunction-sections -fdata-sections -g -fstack-usage -Wall -specs=nano.specs -o Middlewares\USB_Host_Library\usbh_cdc.o ..\..\..\Middlewares\ST\STM32_USB_Host_Library\Class\CDC\Src\usbh_cdc.c 
arm-atollic-eabi-gcc -c -mthumb -mcpu=cortex-m7 -mfloat-abi=hard -mfpu=fpv5-sp-d16 -std=gnu11 -D__weak=__attribute__((weak)) -D__packed=__attribute__((__packed__)) -DUSE_HAL_DRIVER -DSTM32F745xx -I../../../Inc -I../../../Drivers/STM32F7xx_HAL_Driver/Inc -I../../../Drivers/STM32F7xx_HAL_Driver/Inc/Legacy -I../../../Middlewares/ST/STM32_USB_Device_Library/Core/Inc -I../../../Middlewares/ST/STM32_USB_Device_Library/Class/DFU/Inc -I../../../Middlewares/ST/STM32_USB_Host_Library/Core/Inc -I../../../Middlewares/ST/STM32_USB_Host_Library/Class/CDC/Inc -I../../../Drivers/CMSIS/Device/ST/STM32F7xx/Include -I../../../Middlewares/Third_Party/FatFs/src -I../../../Drivers/CMSIS/Include -Os -ffunction-sections -fdata-sections -g -fstack-usage -Wall -specs=nano.specs -o Middlewares\FatFs\diskio.o ..\..\..\Middlewares\Third_Party\FatFs\src\diskio.c 
arm-atollic-eabi-gcc -c -mthumb -mcpu=cortex-m7 -mfloat-abi=hard -mfpu=fpv5-sp-d16 -std=gnu11 -D__weak=__attribute__((weak)) -D__packed=__attribute__((__packed__)) -DUSE_HAL_DRIVER -DSTM32F745xx -I../../../Inc -I../../../Drivers/STM32F7xx_HAL_Driver/Inc -I../../../Drivers/STM32F7xx_HAL_Driver/Inc/Legacy -I../../../Middlewares/ST/STM32_USB_Device_Library/Core/Inc -I../../../Middlewares/ST/STM32_USB_Device_Library/Class/DFU/Inc -I../../../Middlewares/ST/STM32_USB_Host_Library/Core/Inc -I../../../Middlewares/ST/STM32_USB_Host_Library/Class/CDC/Inc -I../../../Drivers/CMSIS/Device/ST/STM32F7xx/Include -I../../../Middlewares/Third_Party/FatFs/src -I../../../Drivers/CMSIS/Include -Os -ffunction-sections -fdata-sections -g -fstack-usage -Wall -specs=nano.specs -o Application\User\i2c.o ..\..\..\Src\i2c.c 
arm-atollic-eabi-gcc -c -mthumb -mcpu=cortex-m7 -mfloat-abi=hard -mfpu=fpv5-sp-d16 -std=gnu11 -D__weak=__attribute__((weak)) -D__packed=__attribute__((__packed__)) -DUSE_HAL_DRIVER -DSTM32F745xx -I../../../Inc -I../../../Drivers/STM32F7xx_HAL_Driver/Inc -I../../../Drivers/STM32F7xx_HAL_Driver/Inc/Legacy -I../../../Middlewares/ST/STM32_USB_Device_Library/Core/Inc -I../../../Middlewares/ST/STM32_USB_Device_Library/Class/DFU/Inc -I../../../Middlewares/ST/STM32_USB_Host_Library/Core/Inc -I../../../Middlewares/ST/STM32_USB_Host_Library/Class/CDC/Inc -I../../../Drivers/CMSIS/Device/ST/STM32F7xx/Include -I../../../Middlewares/Third_Party/FatFs/src -I../../../Drivers/CMSIS/Include -Os -ffunction-sections -fdata-sections -g -fstack-usage -Wall -specs=nano.specs -o Application\User\main.o ..\..\..\Src\main.c 
arm-atollic-eabi-gcc -c -mthumb -mcpu=cortex-m7 -mfloat-abi=hard -mfpu=fpv5-sp-d16 -std=gnu11 -D__weak=__attribute__((weak)) -D__packed=__attribute__((__packed__)) -DUSE_HAL_DRIVER -DSTM32F745xx -I../../../Inc -I../../../Drivers/STM32F7xx_HAL_Driver/Inc -I../../../Drivers/STM32F7xx_HAL_Driver/Inc/Legacy -I../../../Middlewares/ST/STM32_USB_Device_Library/Core/Inc -I../../../Middlewares/ST/STM32_USB_Device_Library/Class/DFU/Inc -I../../../Middlewares/ST/STM32_USB_Host_Library/Core/Inc -I../../../Middlewares/ST/STM32_USB_Host_Library/Class/CDC/Inc -I../../../Drivers/CMSIS/Device/ST/STM32F7xx/Include -I../../../Middlewares/Third_Party/FatFs/src -I../../../Drivers/CMSIS/Include -Os -ffunction-sections -fdata-sections -g -fstack-usage -Wall -specs=nano.specs -o Application\User\stm32f7xx_it.o ..\..\..\Src\stm32f7xx_it.c 
arm-atollic-eabi-gcc -c -mthumb -mcpu=cortex-m7 -mfloat-abi=hard -mfpu=fpv5-sp-d16 -std=gnu11 -D__weak=__attribute__((weak)) -D__packed=__attribute__((__packed__)) -DUSE_HAL_DRIVER -DSTM32F745xx -I../../../Inc -I../../../Drivers/STM32F7xx_HAL_Driver/Inc -I../../../Drivers/STM32F7xx_HAL_Driver/Inc/Legacy -I../../../Middlewares/ST/STM32_USB_Device_Library/Core/Inc -I../../../Middlewares/ST/STM32_USB_Device_Library/Class/DFU/Inc -I../../../Middlewares/ST/STM32_USB_Host_Library/Core/Inc -I../../../Middlewares/ST/STM32_USB_Host_Library/Class/CDC/Inc -I../../../Drivers/CMSIS/Device/ST/STM32F7xx/Include -I../../../Middlewares/Third_Party/FatFs/src -I../../../Drivers/CMSIS/Include -Os -ffunction-sections -fdata-sections -g -fstack-usage -Wall -specs=nano.specs -o Application\User\usbd_conf.o ..\..\..\Src\usbd_conf.c 
arm-atollic-eabi-gcc -c -mthumb -mcpu=cortex-m7 -mfloat-abi=hard -mfpu=fpv5-sp-d16 -std=gnu11 -D__weak=__attribute__((weak)) -D__packed=__attribute__((__packed__)) -DUSE_HAL_DRIVER -DSTM32F745xx -I../../../Inc -I../../../Drivers/STM32F7xx_HAL_Driver/Inc -I../../../Drivers/STM32F7xx_HAL_Driver/Inc/Legacy -I../../../Middlewares/ST/STM32_USB_Device_Library/Core/Inc -I../../../Middlewares/ST/STM32_USB_Device_Library/Class/DFU/Inc -I../../../Middlewares/ST/STM32_USB_Host_Library/Core/Inc -I../../../Middlewares/ST/STM32_USB_Host_Library/Class/CDC/Inc -I../../../Drivers/CMSIS/Device/ST/STM32F7xx/Include -I../../../Middlewares/Third_Party/FatFs/src -I../../../Drivers/CMSIS/Include -Os -ffunction-sections -fdata-sections -g -fstack-usage -Wall -specs=nano.specs -o Drivers\STM32F7xx_HAL_Driver\stm32f7xx_hal_rtc.o ..\..\..\Drivers\STM32F7xx_HAL_Driver\Src\stm32f7xx_hal_rtc.c 
arm-atollic-eabi-gcc -c -mthumb -mcpu=cortex-m7 -mfloat-abi=hard -mfpu=fpv5-sp-d16 -std=gnu11 -D__weak=__attribute__((weak)) -D__packed=__attribute__((__packed__)) -DUSE_HAL_DRIVER -DSTM32F745xx -I../../../Inc -I../../../Drivers/STM32F7xx_HAL_Driver/Inc -I../../../Drivers/STM32F7xx_HAL_Driver/Inc/Legacy -I../../../Middlewares/ST/STM32_USB_Device_Library/Core/Inc -I../../../Middlewares/ST/STM32_USB_Device_Library/Class/DFU/Inc -I../../../Middlewares/ST/STM32_USB_Host_Library/Core/Inc -I../../../Middlewares/ST/STM32_USB_Host_Library/Class/CDC/Inc -I../../../Drivers/CMSIS/Device/ST/STM32F7xx/Include -I../../../Middlewares/Third_Party/FatFs/src -I../../../Drivers/CMSIS/Include -Os -ffunction-sections -fdata-sections -g -fstack-usage -Wall -specs=nano.specs -o Application\User\sd_diskio.o ..\..\..\Src\sd_diskio.c 
arm-atollic-eabi-gcc -c -mthumb -mcpu=cortex-m7 -mfloat-abi=hard -mfpu=fpv5-sp-d16 -std=gnu11 -D__weak=__attribute__((weak)) -D__packed=__attribute__((__packed__)) -DUSE_HAL_DRIVER -DSTM32F745xx -I../../../Inc -I../../../Drivers/STM32F7xx_HAL_Driver/Inc -I../../../Drivers/STM32F7xx_HAL_Driver/Inc/Legacy -I../../../Middlewares/ST/STM32_USB_Device_Library/Core/Inc -I../../../Middlewares/ST/STM32_USB_Device_Library/Class/DFU/Inc -I../../../Middlewares/ST/STM32_USB_Host_Library/Core/Inc -I../../../Middlewares/ST/STM32_USB_Host_Library/Class/CDC/Inc -I../../../Drivers/CMSIS/Device/ST/STM32F7xx/Include -I../../../Middlewares/Third_Party/FatFs/src -I../../../Drivers/CMSIS/Include -Os -ffunction-sections -fdata-sections -g -fstack-usage -Wall -specs=nano.specs -o Middlewares\FatFs\syscall.o ..\..\..\Middlewares\Third_Party\FatFs\src\option\syscall.c 
arm-atollic-eabi-gcc -c -mthumb -mcpu=cortex-m7 -mfloat-abi=hard -mfpu=fpv5-sp-d16 -std=gnu11 -D__weak=__attribute__((weak)) -D__packed=__attribute__((__packed__)) -DUSE_HAL_DRIVER -DSTM32F745xx -I../../../Inc -I../../../Drivers/STM32F7xx_HAL_Driver/Inc -I../../../Drivers/STM32F7xx_HAL_Driver/Inc/Legacy -I../../../Middlewares/ST/STM32_USB_Device_Library/Core/Inc -I../../../Middlewares/ST/STM32_USB_Device_Library/Class/DFU/Inc -I../../../Middlewares/ST/STM32_USB_Host_Library/Core/Inc -I../../../Middlewares/ST/STM32_USB_Host_Library/Class/CDC/Inc -I../../../Drivers/CMSIS/Device/ST/STM32F7xx/Include -I../../../Middlewares/Third_Party/FatFs/src -I../../../Drivers/CMSIS/Include -Os -ffunction-sections -fdata-sections -g -fstack-usage -Wall -specs=nano.specs -o Drivers\STM32F7xx_HAL_Driver\stm32f7xx_hal_tim_ex.o ..\..\..\Drivers\STM32F7xx_HAL_Driver\Src\stm32f7xx_hal_tim_ex.c 
arm-atollic-eabi-gcc -c -mthumb -mcpu=cortex-m7 -mfloat-abi=hard -mfpu=fpv5-sp-d16 -std=gnu11 -D__weak=__attribute__((weak)) -D__packed=__attribute__((__packed__)) -DUSE_HAL_DRIVER -DSTM32F745xx -I../../../Inc -I../../../Drivers/STM32F7xx_HAL_Driver/Inc -I../../../Drivers/STM32F7xx_HAL_Driver/Inc/Legacy -I../../../Middlewares/ST/STM32_USB_Device_Library/Core/Inc -I../../../Middlewares/ST/STM32_USB_Device_Library/Class/DFU/Inc -I../../../Middlewares/ST/STM32_USB_Host_Library/Core/Inc -I../../../Middlewares/ST/STM32_USB_Host_Library/Class/CDC/Inc -I../../../Drivers/CMSIS/Device/ST/STM32F7xx/Include -I../../../Middlewares/Third_Party/FatFs/src -I../../../Drivers/CMSIS/Include -Os -ffunction-sections -fdata-sections -g -fstack-usage -Wall -specs=nano.specs -o Drivers\STM32F7xx_HAL_Driver\stm32f7xx_hal_pcd.o ..\..\..\Drivers\STM32F7xx_HAL_Driver\Src\stm32f7xx_hal_pcd.c 
arm-atollic-eabi-gcc -c -mthumb -mcpu=cortex-m7 -mfloat-abi=hard -mfpu=fpv5-sp-d16 -std=gnu11 -D__weak=__attribute__((weak)) -D__packed=__attribute__((__packed__)) -DUSE_HAL_DRIVER -DSTM32F745xx -I../../../Inc -I../../../Drivers/STM32F7xx_HAL_Driver/Inc -I../../../Drivers/STM32F7xx_HAL_Driver/Inc/Legacy -I../../../Middlewares/ST/STM32_USB_Device_Library/Core/Inc -I../../../Middlewares/ST/STM32_USB_Device_Library/Class/DFU/Inc -I../../../Middlewares/ST/STM32_USB_Host_Library/Core/Inc -I../../../Middlewares/ST/STM32_USB_Host_Library/Class/CDC/Inc -I../../../Drivers/CMSIS/Device/ST/STM32F7xx/Include -I../../../Middlewares/Third_Party/FatFs/src -I../../../Drivers/CMSIS/Include -Os -ffunction-sections -fdata-sections -g -fstack-usage -Wall -specs=nano.specs -o Drivers\STM32F7xx_HAL_Driver\stm32f7xx_hal_i2c.o ..\..\..\Drivers\STM32F7xx_HAL_Driver\Src\stm32f7xx_hal_i2c.c 
arm-atollic-eabi-gcc -c -mthumb -mcpu=cortex-m7 -mfloat-abi=hard -mfpu=fpv5-sp-d16 -std=gnu11 -D__weak=__attribute__((weak)) -D__packed=__attribute__((__packed__)) -DUSE_HAL_DRIVER -DSTM32F745xx -I../../../Inc -I../../../Drivers/STM32F7xx_HAL_Driver/Inc -I../../../Drivers/STM32F7xx_HAL_Driver/Inc/Legacy -I../../../Middlewares/ST/STM32_USB_Device_Library/Core/Inc -I../../../Middlewares/ST/STM32_USB_Device_Library/Class/DFU/Inc -I../../../Middlewares/ST/STM32_USB_Host_Library/Core/Inc -I../../../Middlewares/ST/STM32_USB_Host_Library/Class/CDC/Inc -I../../../Drivers/CMSIS/Device/ST/STM32F7xx/Include -I../../../Middlewares/Third_Party/FatFs/src -I../../../Drivers/CMSIS/Include -Os -ffunction-sections -fdata-sections -g -fstack-usage -Wall -specs=nano.specs -o Drivers\STM32F7xx_HAL_Driver\stm32f7xx_hal_i2c_ex.o ..\..\..\Drivers\STM32F7xx_HAL_Driver\Src\stm32f7xx_hal_i2c_ex.c 
arm-atollic-eabi-gcc -c -mthumb -mcpu=cortex-m7 -mfloat-abi=hard -mfpu=fpv5-sp-d16 -std=gnu11 -D__weak=__attribute__((weak)) -D__packed=__attribute__((__packed__)) -DUSE_HAL_DRIVER -DSTM32F745xx -I../../../Inc -I../../../Drivers/STM32F7xx_HAL_Driver/Inc -I../../../Drivers/STM32F7xx_HAL_Driver/Inc/Legacy -I../../../Middlewares/ST/STM32_USB_Device_Library/Core/Inc -I../../../Middlewares/ST/STM32_USB_Device_Library/Class/DFU/Inc -I../../../Middlewares/ST/STM32_USB_Host_Library/Core/Inc -I../../../Middlewares/ST/STM32_USB_Host_Library/Class/CDC/Inc -I../../../Drivers/CMSIS/Device/ST/STM32F7xx/Include -I../../../Middlewares/Third_Party/FatFs/src -I../../../Drivers/CMSIS/Include -Os -ffunction-sections -fdata-sections -g -fstack-usage -Wall -specs=nano.specs -o Drivers\STM32F7xx_HAL_Driver\stm32f7xx_hal_tim.o ..\..\..\Drivers\STM32F7xx_HAL_Driver\Src\stm32f7xx_hal_tim.c 
arm-atollic-eabi-gcc -c -mthumb -mcpu=cortex-m7 -mfloat-abi=hard -mfpu=fpv5-sp-d16 -std=gnu11 -D__weak=__attribute__((weak)) -D__packed=__attribute__((__packed__)) -DUSE_HAL_DRIVER -DSTM32F745xx -I../../../Inc -I../../../Drivers/STM32F7xx_HAL_Driver/Inc -I../../../Drivers/STM32F7xx_HAL_Driver/Inc/Legacy -I../../../Middlewares/ST/STM32_USB_Device_Library/Core/Inc -I../../../Middlewares/ST/STM32_USB_Device_Library/Class/DFU/Inc -I../../../Middlewares/ST/STM32_USB_Host_Library/Core/Inc -I../../../Middlewares/ST/STM32_USB_Host_Library/Class/CDC/Inc -I../../../Drivers/CMSIS/Device/ST/STM32F7xx/Include -I../../../Middlewares/Third_Party/FatFs/src -I../../../Drivers/CMSIS/Include -Os -ffunction-sections -fdata-sections -g -fstack-usage -Wall -specs=nano.specs -o Drivers\STM32F7xx_HAL_Driver\stm32f7xx_hal_flash.o ..\..\..\Drivers\STM32F7xx_HAL_Driver\Src\stm32f7xx_hal_flash.c 
arm-atollic-eabi-gcc -c -mthumb -mcpu=cortex-m7 -mfloat-abi=hard -mfpu=fpv5-sp-d16 -std=gnu11 -D__weak=__attribute__((weak)) -D__packed=__attribute__((__packed__)) -DUSE_HAL_DRIVER -DSTM32F745xx -I../../../Inc -I../../../Drivers/STM32F7xx_HAL_Driver/Inc -I../../../Drivers/STM32F7xx_HAL_Driver/Inc/Legacy -I../../../Middlewares/ST/STM32_USB_Device_Library/Core/Inc -I../../../Middlewares/ST/STM32_USB_Device_Library/Class/DFU/Inc -I../../../Middlewares/ST/STM32_USB_Host_Library/Core/Inc -I../../../Middlewares/ST/STM32_USB_Host_Library/Class/CDC/Inc -I../../../Drivers/CMSIS/Device/ST/STM32F7xx/Include -I../../../Middlewares/Third_Party/FatFs/src -I../../../Drivers/CMSIS/Include -Os -ffunction-sections -fdata-sections -g -fstack-usage -Wall -specs=nano.specs -o Middlewares\USB_Host_Library\usbh_core.o ..\..\..\Middlewares\ST\STM32_USB_Host_Library\Core\Src\usbh_core.c 
arm-atollic-eabi-gcc -c -mthumb -mcpu=cortex-m7 -mfloat-abi=hard -mfpu=fpv5-sp-d16 -std=gnu11 -D__weak=__attribute__((weak)) -D__packed=__attribute__((__packed__)) -DUSE_HAL_DRIVER -DSTM32F745xx -I../../../Inc -I../../../Drivers/STM32F7xx_HAL_Driver/Inc -I../../../Drivers/STM32F7xx_HAL_Driver/Inc/Legacy -I../../../Middlewares/ST/STM32_USB_Device_Library/Core/Inc -I../../../Middlewares/ST/STM32_USB_Device_Library/Class/DFU/Inc -I../../../Middlewares/ST/STM32_USB_Host_Library/Core/Inc -I../../../Middlewares/ST/STM32_USB_Host_Library/Class/CDC/Inc -I../../../Drivers/CMSIS/Device/ST/STM32F7xx/Include -I../../../Middlewares/Third_Party/FatFs/src -I../../../Drivers/CMSIS/Include -Os -ffunction-sections -fdata-sections -g -fstack-usage -Wall -specs=nano.specs -o Drivers\STM32F7xx_HAL_Driver\stm32f7xx_hal_pcd_ex.o ..\..\..\Drivers\STM32F7xx_HAL_Driver\Src\stm32f7xx_hal_pcd_ex.c 
arm-atollic-eabi-gcc -c -mthumb -mcpu=cortex-m7 -mfloat-abi=hard -mfpu=fpv5-sp-d16 -std=gnu11 -D__weak=__attribute__((weak)) -D__packed=__attribute__((__packed__)) -DUSE_HAL_DRIVER -DSTM32F745xx -I../../../Inc -I../../../Drivers/STM32F7xx_HAL_Driver/Inc -I../../../Drivers/STM32F7xx_HAL_Driver/Inc/Legacy -I../../../Middlewares/ST/STM32_USB_Device_Library/Core/Inc -I../../../Middlewares/ST/STM32_USB_Device_Library/Class/DFU/Inc -I../../../Middlewares/ST/STM32_USB_Host_Library/Core/Inc -I../../../Middlewares/ST/STM32_USB_Host_Library/Class/CDC/Inc -I../../../Drivers/CMSIS/Device/ST/STM32F7xx/Include -I../../../Middlewares/Third_Party/FatFs/src -I../../../Drivers/CMSIS/Include -Os -ffunction-sections -fdata-sections -g -fstack-usage -Wall -specs=nano.specs -o Application\User\usbh_conf.o ..\..\..\Src\usbh_conf.c 
arm-atollic-eabi-gcc -c -mthumb -mcpu=cortex-m7 -mfloat-abi=hard -mfpu=fpv5-sp-d16 -std=gnu11 -D__weak=__attribute__((weak)) -D__packed=__attribute__((__packed__)) -DUSE_HAL_DRIVER -DSTM32F745xx -I../../../Inc -I../../../Drivers/STM32F7xx_HAL_Driver/Inc -I../../../Drivers/STM32F7xx_HAL_Driver/Inc/Legacy -I../../../Middlewares/ST/STM32_USB_Device_Library/Core/Inc -I../../../Middlewares/ST/STM32_USB_Device_Library/Class/DFU/Inc -I../../../Middlewares/ST/STM32_USB_Host_Library/Core/Inc -I../../../Middlewares/ST/STM32_USB_Host_Library/Class/CDC/Inc -I../../../Drivers/CMSIS/Device/ST/STM32F7xx/Include -I../../../Middlewares/Third_Party/FatFs/src -I../../../Drivers/CMSIS/Include -Os -ffunction-sections -fdata-sections -g -fstack-usage -Wall -specs=nano.specs -o Drivers\STM32F7xx_HAL_Driver\stm32f7xx_hal_flash_ex.o ..\..\..\Drivers\STM32F7xx_HAL_Driver\Src\stm32f7xx_hal_flash_ex.c 
arm-atollic-eabi-gcc -c -mthumb -mcpu=cortex-m7 -mfloat-abi=hard -mfpu=fpv5-sp-d16 -std=gnu11 -D__weak=__attribute__((weak)) -D__packed=__attribute__((__packed__)) -DUSE_HAL_DRIVER -DSTM32F745xx -I../../../Inc -I../../../Drivers/STM32F7xx_HAL_Driver/Inc -I../../../Drivers/STM32F7xx_HAL_Driver/Inc/Legacy -I../../../Middlewares/ST/STM32_USB_Device_Library/Core/Inc -I../../../Middlewares/ST/STM32_USB_Device_Library/Class/DFU/Inc -I../../../Middlewares/ST/STM32_USB_Host_Library/Core/Inc -I../../../Middlewares/ST/STM32_USB_Host_Library/Class/CDC/Inc -I../../../Drivers/CMSIS/Device/ST/STM32F7xx/Include -I../../../Middlewares/Third_Party/FatFs/src -I../../../Drivers/CMSIS/Include -Os -ffunction-sections -fdata-sections -g -fstack-usage -Wall -specs=nano.specs -o Middlewares\USB_Host_Library\usbh_ioreq.o ..\..\..\Middlewares\ST\STM32_USB_Host_Library\Core\Src\usbh_ioreq.c 
arm-atollic-eabi-gcc -c -mthumb -mcpu=cortex-m7 -mfloat-abi=hard -mfpu=fpv5-sp-d16 -std=gnu11 -D__weak=__attribute__((weak)) -D__packed=__attribute__((__packed__)) -DUSE_HAL_DRIVER -DSTM32F745xx -I../../../Inc -I../../../Drivers/STM32F7xx_HAL_Driver/Inc -I../../../Drivers/STM32F7xx_HAL_Driver/Inc/Legacy -I../../../Middlewares/ST/STM32_USB_Device_Library/Core/Inc -I../../../Middlewares/ST/STM32_USB_Device_Library/Class/DFU/Inc -I../../../Middlewares/ST/STM32_USB_Host_Library/Core/Inc -I../../../Middlewares/ST/STM32_USB_Host_Library/Class/CDC/Inc -I../../../Drivers/CMSIS/Device/ST/STM32F7xx/Include -I../../../Middlewares/Third_Party/FatFs/src -I../../../Drivers/CMSIS/Include -Os -ffunction-sections -fdata-sections -g -fstack-usage -Wall -specs=nano.specs -o Middlewares\USB_Host_Library\usbh_pipes.o ..\..\..\Middlewares\ST\STM32_USB_Host_Library\Core\Src\usbh_pipes.c 
arm-atollic-eabi-gcc -o STM32F745VE.elf Application\TrueSTUDIO\startup_stm32f745xx.o Application\User\adc.o Application\User\bsp_driver_sd.o Application\User\can.o Application\User\dac.o Application\User\eth.o Application\User\fatfs.o Application\User\gpio.o Application\User\i2c.o Application\User\main.o Application\User\rtc.o Application\User\sd_diskio.o Application\User\sdmmc.o Application\User\spi.o Application\User\stm32f7xx_hal_msp.o Application\User\stm32f7xx_hal_timebase_TIM.o Application\User\stm32f7xx_it.o Application\User\tim.o Application\User\usart.o Application\User\usb_device.o Application\User\usb_host.o Application\User\usbd_conf.o Application\User\usbd_desc.o Application\User\usbd_dfu_if.o Application\User\usbh_conf.o Drivers\CMSIS\system_stm32f7xx.o Drivers\STM32F7xx_HAL_Driver\stm32f7xx_hal.o Drivers\STM32F7xx_HAL_Driver\stm32f7xx_hal_adc.o Drivers\STM32F7xx_HAL_Driver\stm32f7xx_hal_adc_ex.o Drivers\STM32F7xx_HAL_Driver\stm32f7xx_hal_can.o Drivers\STM32F7xx_HAL_Driver\stm32f7xx_hal_cortex.o Drivers\STM32F7xx_HAL_Driver\stm32f7xx_hal_dac.o Drivers\STM32F7xx_HAL_Driver\stm32f7xx_hal_dac_ex.o Drivers\STM32F7xx_HAL_Driver\stm32f7xx_hal_dma.o Drivers\STM32F7xx_HAL_Driver\stm32f7xx_hal_dma_ex.o Drivers\STM32F7xx_HAL_Driver\stm32f7xx_hal_eth.o Drivers\STM32F7xx_HAL_Driver\stm32f7xx_hal_flash.o Drivers\STM32F7xx_HAL_Driver\stm32f7xx_hal_flash_ex.o Drivers\STM32F7xx_HAL_Driver\stm32f7xx_hal_gpio.o Drivers\STM32F7xx_HAL_Driver\stm32f7xx_hal_hcd.o Drivers\STM32F7xx_HAL_Driver\stm32f7xx_hal_i2c.o Drivers\STM32F7xx_HAL_Driver\stm32f7xx_hal_i2c_ex.o Drivers\STM32F7xx_HAL_Driver\stm32f7xx_hal_pcd.o Drivers\STM32F7xx_HAL_Driver\stm32f7xx_hal_pcd_ex.o Drivers\STM32F7xx_HAL_Driver\stm32f7xx_hal_pwr.o Drivers\STM32F7xx_HAL_Driver\stm32f7xx_hal_pwr_ex.o Drivers\STM32F7xx_HAL_Driver\stm32f7xx_hal_rcc.o Drivers\STM32F7xx_HAL_Driver\stm32f7xx_hal_rcc_ex.o Drivers\STM32F7xx_HAL_Driver\stm32f7xx_hal_rtc.o Drivers\STM32F7xx_HAL_Driver\stm32f7xx_hal_rtc_ex.o Drivers\STM32F7xx_HAL_Driver\stm32f7xx_hal_sd.o Drivers\STM32F7xx_HAL_Driver\stm32f7xx_hal_spi.o Drivers\STM32F7xx_HAL_Driver\stm32f7xx_hal_tim.o Drivers\STM32F7xx_HAL_Driver\stm32f7xx_hal_tim_ex.o Drivers\STM32F7xx_HAL_Driver\stm32f7xx_hal_uart.o Drivers\STM32F7xx_HAL_Driver\stm32f7xx_ll_sdmmc.o Drivers\STM32F7xx_HAL_Driver\stm32f7xx_ll_usb.o Middlewares\FatFs\diskio.o Middlewares\FatFs\ff.o Middlewares\FatFs\ff_gen_drv.o Middlewares\FatFs\syscall.o Middlewares\USB_Device_Library\usbd_core.o Middlewares\USB_Device_Library\usbd_ctlreq.o Middlewares\USB_Device_Library\usbd_dfu.o Middlewares\USB_Device_Library\usbd_ioreq.o Middlewares\USB_Host_Library\usbh_cdc.o Middlewares\USB_Host_Library\usbh_core.o Middlewares\USB_Host_Library\usbh_ctlreq.o Middlewares\USB_Host_Library\usbh_ioreq.o Middlewares\USB_Host_Library\usbh_pipes.o -mthumb -mcpu=cortex-m7 -mfloat-abi=hard -mfpu=fpv5-sp-d16 -T../STM32F745VE_FLASH.ld -specs=nosys.specs -static -Wl,-Map=STM32F745VE.map -Wl,--gc-sections -Wl,--defsym=malloc_getpagesize_P=0x80 -Wl,--start-group -lc -lm -Wl,--end-group -specs=nano.specs 
C:\Program Files (x86)\Atollic\TrueSTUDIO for STM32 9.0.0\ide\jre\bin\java -jar C:\Program Files (x86)\Atollic\TrueSTUDIO for STM32 9.0.0\Tools\arm-atollic-reports.jar sizeinfo list STM32F745VE.elf 
Generate build reports...
Print size information
   text	   data	    bss	    dec	    hex	filename
  36952	    348	   8148	  45448	   b188	STM32F745VE.elf
Print size information done
Generate listing file
Output sent to: STM32F745VE.list
Generate listing file done
Generate build reports done

15:33:06 Build Finished (took 3m:20s.64ms)

